// Jest Snapshot v1, https://goo.gl/fbAQLP

exports[`should take a snapshot 1`] = `
<DocumentFragment>
  <div
    class="sc-iCoHVE gZdfGi"
  >
    <h5
      class="sc-eCApGN gaEGIs sc-gKAblj jWetxF"
      data-js-type-5="true"
    >
      Welcome to the Trivia Challenge!
    </h5>
    <p
      class="sc-fujyUd bXTDXY"
    >
      You will be presented with 10 True or False questions.
    </p>
    <p
      class="sc-fujyUd bXTDXY"
    >
      Can you score 100%
    </p>
    <a
      class="sc-pNWxx hXXOLl"
      href="/quiz"
    >
      BEGIN
    </a>
  </div>
</DocumentFragment>
`;
